******************************************************************************
             TMS320C2000 Linker PC v22.6.1                     
******************************************************************************
>> Linked Fri Jul  4 16:48:59 2025

OUTPUT FILE NAME:   <lab_cla_lp_f2837xd.out>
ENTRY POINT SYMBOL: "code_start"  address: 00000000


MEMORY CONFIGURATION

         name            origin    length      used     unused   attr    fill
----------------------  --------  ---------  --------  --------  ----  --------
PAGE 0:
  BEGIN                 00000000   00000002  00000002  00000000  RWIX
  RAMM0                 00000123   000002dd  00000030  000002ad  RWIX
  RAMLS4                0000a000   00000800  00000000  00000800  RWIX
  RAMLS5                0000a800   00000800  00000048  000007b8  RWIX
  RAMD0                 0000b000   00000800  00000000  00000800  RWIX
  RAMD1                 0000b800   00000800  00000000  00000800  RWIX
  RESET                 003fffc0   00000002  00000000  00000002  RWIX

PAGE 1:
  BOOT_RSVD             00000002   00000121  00000000  00000121  RWIX
  RAMM1                 00000400   000003f8  000003f8  00000000  RWIX
  CLA1_MSGRAMLOW        00001480   00000080  00000002  0000007e  RWIX
  CLA1_MSGRAMHIGH       00001500   00000080  00000002  0000007e  RWIX
  EMIF2_CS2n            00002000   00001000  00000000  00001000  RWIX
  RAMLS0                00008000   00000800  00000000  00000800  RWIX
  RAMLS1                00008800   00000800  00000102  000006fe  RWIX
  RAMLS2                00009000   00000800  00000000  00000800  RWIX
  RAMLS3                00009800   00000800  000002cf  00000531  RWIX
  RAMGS0                0000c000   00001000  00000000  00001000  RWIX
  RAMGS1                0000d000   00001000  00000000  00001000  RWIX
  RAMGS2                0000e000   00001000  00000000  00001000  RWIX
  RAMGS3                0000f000   00001000  00001000  00000000  RWIX
  RAMGS4                00010000   00001000  0000009a  00000f66  RWIX
  RAMGS5                00011000   00001000  00000000  00001000  RWIX
  RAMGS6                00012000   00001000  00000000  00001000  RWIX
  RAMGS7                00013000   00001000  00000000  00001000  RWIX
  RAMGS8                00014000   00001000  00000000  00001000  RWIX
  RAMGS9                00015000   00001000  00000000  00001000  RWIX
  RAMGS10               00016000   00001000  00000000  00001000  RWIX
  RAMGS11               00017000   00001000  00000000  00001000  RWIX
  RAMGS12               00018000   00001000  00000000  00001000  RWIX
  RAMGS13               00019000   00001000  00000000  00001000  RWIX
  RAMGS14               0001a000   00001000  00000000  00001000  RWIX
  RAMGS15               0001b000   00000ff8  00000000  00000ff8  RWIX
  CANA_MSG_RAM          00049000   00000800  00000000  00000800  RWIX
  CANB_MSG_RAM          0004b000   00000800  00000000  00000800  RWIX
  EMIF1_CS2n            00100000   00200000  00000000  00200000  RWIX
  EMIF1_CS3n            00300000   00080000  00000000  00080000  RWIX
  EMIF1_CS4n            00380000   00060000  00000000  00060000  RWIX
  EMIF1_CS0n            80000000   10000000  00000000  10000000  RWIX
  EMIF2_CS0n            90000000   10000000  00000000  10000000  RWIX


SECTION ALLOCATION MAP

 output                                  attributes/
section   page    origin      length       input sections
--------  ----  ----------  ----------   ----------------
codestart 
*          0    00000000    00000002     
                  00000000    00000002     F2837xD_CodeStartBranch.obj (codestart)

.cinit     0    00000128    0000002c     
                  00000128    0000000a     (.cinit..data.load) [load image, compression = lzss]
                  00000132    00000006     (__TI_handler_table)
                  00000138    00000004     (.cinit..scratchpad.load) [load image, compression = zero_init]
                  0000013c    00000004     (.cinit.Cla1ToCpuMsgRAM.load) [load image, compression = zero_init]
                  00000140    00000004     (.cinit.CpuToCla1MsgRAM.load) [load image, compression = zero_init]
                  00000144    00000010     (__TI_cinit_table)

.reset     0    003fffc0    00000000     DSECT

.stack     1    00000400    000003f8     UNINITIALIZED
                  00000400    000003f8     --HOLE--

.init_array 
*          0    00000123    00000000     UNINITIALIZED

.const     1    00009800    000002bf     
                  00009800    000000c2     driverlib_eabi.lib : sysctl.obj (.const:.string)
                  000098c2    000000bc                        : gpio.obj (.const:.string)
                  0000997e    0000008a     board.obj (.const:.string)
                  00009a08    00000060     driverlib_eabi.lib : memcfg.obj (.const:.string)
                  00009a68    00000043     lab_main.obj (.const:.string)
                  00009aab    00000001     --HOLE-- [fill = 0]
                  00009aac    00000013     device.obj (.const:.string)

.data      1    00009ac0    00000010     UNINITIALIZED
                  00009ac0    00000006     device.obj (.data)
                  00009ac6    00000006     rts2800_fpu32_eabi.lib : exit.c.obj (.data)
                  00009acc    00000002                            : _lock.c.obj (.data:_lock)
                  00009ace    00000002                            : _lock.c.obj (.data:_unlock)

Cla1Prog   0    0000a800    00000048     
                  0000a800    00000048     lab_cla_tasks.obj (Cla1Prog:Cla1Task1)

Cla1ToCpuMsgRAM 
*          1    00001480    00000002     UNINITIALIZED
                  00001480    00000002     lab_main.obj (Cla1ToCpuMsgRAM)

CpuToCla1MsgRAM 
*          1    00001500    00000002     UNINITIALIZED
                  00001500    00000002     lab_main.obj (CpuToCla1MsgRAM)

.TI.ramfunc 
*          0    00000123    00000004     
                  00000123    00000004     driverlib_eabi.lib : sysctl.obj (.TI.ramfunc)

CLAscratch 
*          1    00008800    00000100     UNINITIALIZED
                  00008800    00000100     --HOLE--

.scratchpad 
*          1    00008900    00000002     UNINITIALIZED
                  00008900    00000002     lab_cla_tasks.obj (.scratchpad:Cla1Prog:Cla1Task1)

.text.1    1    0000f000    00001000     
                  0000f000    000003fd     device.obj (.text)
                  0000f3fd    0000023b     board.obj (.text)
                  0000f638    00000209     driverlib_eabi.lib : sysctl.obj (.text:SysCtl_setClock)
                  0000f841    00000091                        : memcfg.obj (.text:MemCfg_getInitStatus)
                  0000f8d2    00000090                        : sysctl.obj (.text:SysCtl_selectXTAL)
                  0000f962    0000008b                        : memcfg.obj (.text:MemCfg_setProtection)
                  0000f9ed    00000088     rts2800_fpu32_eabi.lib : fs_div28.asm.obj (.text)
                  0000fa75    0000007c     driverlib_eabi.lib : memcfg.obj (.text:MemCfg_initSections)
                  0000faf1    00000068                        : sysctl.obj (.text:SysCtl_getDeviceParametric)
                  0000fb59    00000051                        : sysctl.obj (.text:SysCtl_getClock)
                  0000fbaa    00000048                        : sysctl.obj (.text:SysCtl_selectOscSource)
                  0000fbf2    00000042     lab_main.obj (.text)
                  0000fc34    0000003d     driverlib_eabi.lib : interrupt.obj (.text:Interrupt_initModule)
                  0000fc71    00000039                        : memcfg.obj (.text:MemCfg_setLSRAMControllerSel)
                  0000fcaa    00000037                        : gpio.obj (.text:GPIO_setControllerCore)
                  0000fce1    00000037                        : gpio.obj (.text:GPIO_setPinConfig)
                  0000fd18    00000037                        : gpio.obj (.text:GPIO_setQualificationMode)
                  0000fd4f    00000037                        : interrupt.obj (.text:Interrupt_enable)
                  0000fd86    00000035     lab_main.obj (.text:retain)
                  0000fdbb    00000031     driverlib_eabi.lib : gpio.obj (.text:GPIO_setDirectionMode)
                  0000fdec    00000030     rts2800_fpu32_eabi.lib : copy_decompress_lzss.c.obj (.text:decompress:lzss)
                  0000fe1c    0000002b                            : autoinit.c.obj (.text:__TI_auto_init_nobinit_nopinit)
                  0000fe47    00000029                            : exit.c.obj (.text)
                  0000fe70    00000028     driverlib_eabi.lib : sysctl.obj (.text:CPUTimer_selectClockSource)
                  0000fe98    00000026                        : cla.obj (.text:CLA_setTriggerSource)
                  0000febe    00000026                        : memcfg.obj (.text:MemCfg_setGSRAMControllerSel)
                  0000fee4    0000001f                        : sysctl.obj (.text:CPUTimer_getTimerOverflowStatus)
                  0000ff03    0000001e                        : interrupt.obj (.text:Interrupt_initVectorTable)
                  0000ff21    0000001d     rts2800_fpu32_eabi.lib : memcpy.c.obj (.text)
                  0000ff3e    0000001a     driverlib_eabi.lib : sysctl.obj (.text:CPUTimer_startTimer)
                  0000ff58    0000001a                        : sysctl.obj (.text:SysCtl_getLowSpeedClock)
                  0000ff72    00000017                        : sysctl.obj (.text:CPUTimer_isBaseValid)
                  0000ff89    00000017     rts2800_fpu32_eabi.lib : boot28.asm.obj (.text)
                  0000ffa0    00000016     driverlib_eabi.lib : interrupt.obj (.text:Interrupt_defaultHandler)
                  0000ffb6    00000014                        : sysctl.obj (.text:CPUTimer_stopTimer)
                  0000ffca    00000012                        : sysctl.obj (.text:CPUTimer_clearOverflowFlag)
                  0000ffdc    00000012                        : sysctl.obj (.text:CPUTimer_disableInterrupt)
                  0000ffee    00000011                        : sysctl.obj (.text:CPUTimer_setPeriod)
                  0000ffff    00000001     rts2800_fpu32_eabi.lib : startup.c.obj (.text)

.text.2    1    00010000    0000009a     
                  00010000    0000000f     driverlib_eabi.lib : sysctl.obj (.text:SysCtl_pollCpuTimer)
                  0001000f    0000000e                        : gpio.obj (.text:GPIO_isPinValid)
                  0001001d    0000000d                        : interrupt.obj (.text:Interrupt_disableGlobal)
                  0001002a    0000000d                        : interrupt.obj (.text:Interrupt_enableGlobal)
                  00010037    0000000d     rts2800_fpu32_eabi.lib : copy_zero_init.c.obj (.text:decompress:ZI:__TI_zero_init_nomemset)
                  00010044    0000000c                            : args_main.c.obj (.text)
                  00010050    0000000b     driverlib_eabi.lib : sysctl.obj (.text:SysCtl_isMCDClockFailureDetected)
                  0001005b    0000000a                        : interrupt.obj (.text:Interrupt_illegalOperationHandler)
                  00010065    0000000a                        : interrupt.obj (.text:Interrupt_nmiHandler)
                  0001006f    00000009                        : sysctl.obj (.text:SysCtl_serviceWatchdog)
                  00010078    00000009     rts2800_fpu32_eabi.lib : _lock.c.obj (.text)
                  00010081    00000008     F2837xD_CodeStartBranch.obj (.text)
                  00010089    00000008     rts2800_fpu32_eabi.lib : copy_decompress_none.c.obj (.text:decompress:none)
                  00010091    00000007     driverlib_eabi.lib : sysctl.obj (.text:SysCtl_resetMCD)
                  00010098    00000002     rts2800_fpu32_eabi.lib : pre_init.c.obj (.text)

MODULE SUMMARY

       Module                        code   ro data   rw data
       ------                        ----   -------   -------
    .\
       lab_main.obj                  119    67        4      
       lab_cla_tasks.obj             72     0         2      
    +--+-----------------------------+------+---------+---------+
       Total:                        191    67        6      
                                                             
    .\device\
       device.obj                    1021   19        6      
       F2837xD_CodeStartBranch.obj   10     0         0      
    +--+-----------------------------+------+---------+---------+
       Total:                        1031   19        6      
                                                             
    .\syscfg\
       board.obj                     571    138       0      
    +--+-----------------------------+------+---------+---------+
       Total:                        571    138       0      
                                                             
    C:\ti\c2000\C2000Ware_5_04_00_00\driverlib\f2837xd\driverlib\ccs\Debug\driverlib_eabi.lib
       sysctl.obj                    1187   194       0      
       memcfg.obj                    503    96        0      
       gpio.obj                      228    188       0      
       interrupt.obj                 214    0         0      
       cla.obj                       38     0         0      
    +--+-----------------------------+------+---------+---------+
       Total:                        2170   478       0      
                                                             
    C:\ti\ccs1281\ccs\tools\compiler\ti-cgt-c2000_22.6.1.LTS\lib\rts2800_fpu32_eabi.lib
       fs_div28.asm.obj              136    0         0      
       copy_decompress_lzss.c.obj    48     0         0      
       exit.c.obj                    41     0         6      
       autoinit.c.obj                43     0         0      
       memcpy.c.obj                  29     0         0      
       boot28.asm.obj                23     0         0      
       _lock.c.obj                   9      0         4      
       copy_zero_init.c.obj          13     0         0      
       args_main.c.obj               12     0         0      
       copy_decompress_none.c.obj    8      0         0      
       pre_init.c.obj                2      0         0      
       startup.c.obj                 1      0         0      
    +--+-----------------------------+------+---------+---------+
       Total:                        365    0         10     
                                                             
       Stack:                        0      0         1016   
       Linker Generated:             0      44        0      
    +--+-----------------------------+------+---------+---------+
       Grand Total:                  4328   746       1038   


LINKER GENERATED COPY TABLES

__TI_cinit_table @ 00000144 records: 4, size/record: 4, table size: 16
	.data: load addr=00000128, load size=0000000a bytes, run addr=00009ac0, run size=00000010 bytes, compression=lzss
	.scratchpad: load addr=00000138, load size=00000004 bytes, run addr=00008900, run size=00000002 bytes, compression=zero_init
	Cla1ToCpuMsgRAM: load addr=0000013c, load size=00000004 bytes, run addr=00001480, run size=00000002 bytes, compression=zero_init
	CpuToCla1MsgRAM: load addr=00000140, load size=00000004 bytes, run addr=00001500, run size=00000002 bytes, compression=zero_init


LINKER GENERATED HANDLER TABLE

__TI_handler_table @ 00000132 records: 3, size/record: 2, table size: 6
	index: 0, handler: __TI_decompress_lzss
	index: 1, handler: __TI_decompress_none
	index: 2, handler: __TI_zero_init


GLOBAL DATA SYMBOLS: SORTED BY DATA PAGE

address     data page           name
--------    ----------------    ----
00000400      10 (00000400)     __stack

00001480      52 (00001480)     fResult

00001500      54 (00001500)     fVal

00009ac0     26b (00009ac0)     Example_Result
00009ac2     26b (00009ac0)     Example_PassCount
00009ac4     26b (00009ac0)     Example_Fail
00009ac6     26b (00009ac0)     __TI_enable_exit_profile_output
00009ac8     26b (00009ac0)     __TI_cleanup_ptr
00009aca     26b (00009ac0)     __TI_dtors_ptr
00009acc     26b (00009ac0)     _lock
00009ace     26b (00009ac0)     _unlock


GLOBAL SYMBOLS: SORTED ALPHABETICALLY BY Name 

page  address   name                                     
----  -------   ----                                     
1     0000f4a6  Board_init                               
1     0000fe47  C$$EXIT                                  
abs   00000100  CLA_SCRATCHPAD_SIZE                      
1     0000f4c7  CLA_init                                 
1     0000fe98  CLA_setTriggerSource                     
0     0000a800  Cla1Task1                                
1     0000f271  Device_bootCPU2                          
1     0000f240  Device_configureTMXAnalogTrim            
1     0000f0ee  Device_enableAllPeripherals              
1     0000f22a  Device_enableUnbondedGPIOPullups         
1     0000f20d  Device_enableUnbondedGPIOPullupsFor100Pin
1     0000f1fa  Device_enableUnbondedGPIOPullupsFor176Pin
1     0000f0ae  Device_init                              
1     0000f1d9  Device_initGPIO                          
1     00009ac4  Example_Fail                             
1     00009ac2  Example_PassCount                        
1     00009ac0  Example_Result                           
1     0000f3fc  Example_done                             
1     0000f3f7  Example_setResultFail                    
1     0000f3f2  Example_setResultPass                    
1     0000fcaa  GPIO_setControllerCore                   
1     0000fdbb  GPIO_setDirectionMode                    
1     0000fce1  GPIO_setPinConfig                        
1     0000fd18  GPIO_setQualificationMode                
1     0000f4ca  INTERRUPT_init                           
1     0000ffa0  Interrupt_defaultHandler                 
1     0000fd4f  Interrupt_enable                         
1     0001005b  Interrupt_illegalOperationHandler        
1     0000fc34  Interrupt_initModule                     
1     0000ff03  Interrupt_initVectorTable                
1     00010065  Interrupt_nmiHandler                     
1     0000f4d7  MEMCFG_init                              
1     0000f841  MemCfg_getInitStatus                     
1     0000fa75  MemCfg_initSections                      
1     0000febe  MemCfg_setGSRAMControllerSel             
1     0000fc71  MemCfg_setLSRAMControllerSel             
1     0000f962  MemCfg_setProtection                     
1     0000f4b1  PinMux_init                              
0     00000123  SysCtl_delay                             
1     0000fb59  SysCtl_getClock                          
1     0000faf1  SysCtl_getDeviceParametric               
1     0000ff58  SysCtl_getLowSpeedClock                  
1     0000fbaa  SysCtl_selectOscSource                   
1     0000f8d2  SysCtl_selectXTAL                        
1     0000f638  SysCtl_setClock                          
0     00000144  __TI_CINIT_Base                          
0     00000154  __TI_CINIT_Limit                         
0     00000154  __TI_CINIT_Warm                          
0     00000132  __TI_Handler_Table_Base                  
0     00000138  __TI_Handler_Table_Limit                 
1     000007f8  __TI_STACK_END                           
abs   000003f8  __TI_STACK_SIZE                          
1     0000fe1c  __TI_auto_init_nobinit_nopinit           
1     00009ac8  __TI_cleanup_ptr                         
1     0000fdec  __TI_decompress_lzss                     
1     00010089  __TI_decompress_none                     
1     00009aca  __TI_dtors_ptr                           
1     00009ac6  __TI_enable_exit_profile_output          
abs   ffffffff  __TI_pprof_out_hndl                      
abs   ffffffff  __TI_prof_data_size                      
abs   ffffffff  __TI_prof_data_start                     
1     00010037  __TI_zero_init_nomemset                  
1     0000f9ed  __c28xabi_divf                           
n/a   UNDEFED   __c_args__                               
1     0000f3eb  __error__                                
1     00000400  __stack                                  
1     00010044  _args_main                               
1     0000ff89  _c_int00                                 
1     00009acc  _lock                                    
1     00010080  _nop                                     
1     0001007c  _register_lock                           
1     00010078  _register_unlock                         
1     0000ffff  _system_post_cinit                       
1     00010098  _system_pre_init                         
1     00009ace  _unlock                                  
1     0000fe47  abort                                    
1     0000fd86  cla1Isr1                                 
0     00000000  code_start                               
1     0000fe49  exit                                     
1     00001480  fResult                                  
1     00001500  fVal                                     
1     0000fc1d  main                                     
1     0000ff21  memcpy                                   
1     0000f4b2  myCLA0_init                              


GLOBAL SYMBOLS: SORTED BY Symbol Address 

page  address   name                                     
----  -------   ----                                     
0     00000000  code_start                               
0     00000123  SysCtl_delay                             
0     00000132  __TI_Handler_Table_Base                  
0     00000138  __TI_Handler_Table_Limit                 
0     00000144  __TI_CINIT_Base                          
0     00000154  __TI_CINIT_Limit                         
0     00000154  __TI_CINIT_Warm                          
0     0000a800  Cla1Task1                                
1     00000400  __stack                                  
1     000007f8  __TI_STACK_END                           
1     00001480  fResult                                  
1     00001500  fVal                                     
1     00009ac0  Example_Result                           
1     00009ac2  Example_PassCount                        
1     00009ac4  Example_Fail                             
1     00009ac6  __TI_enable_exit_profile_output          
1     00009ac8  __TI_cleanup_ptr                         
1     00009aca  __TI_dtors_ptr                           
1     00009acc  _lock                                    
1     00009ace  _unlock                                  
1     0000f0ae  Device_init                              
1     0000f0ee  Device_enableAllPeripherals              
1     0000f1d9  Device_initGPIO                          
1     0000f1fa  Device_enableUnbondedGPIOPullupsFor176Pin
1     0000f20d  Device_enableUnbondedGPIOPullupsFor100Pin
1     0000f22a  Device_enableUnbondedGPIOPullups         
1     0000f240  Device_configureTMXAnalogTrim            
1     0000f271  Device_bootCPU2                          
1     0000f3eb  __error__                                
1     0000f3f2  Example_setResultPass                    
1     0000f3f7  Example_setResultFail                    
1     0000f3fc  Example_done                             
1     0000f4a6  Board_init                               
1     0000f4b1  PinMux_init                              
1     0000f4b2  myCLA0_init                              
1     0000f4c7  CLA_init                                 
1     0000f4ca  INTERRUPT_init                           
1     0000f4d7  MEMCFG_init                              
1     0000f638  SysCtl_setClock                          
1     0000f841  MemCfg_getInitStatus                     
1     0000f8d2  SysCtl_selectXTAL                        
1     0000f962  MemCfg_setProtection                     
1     0000f9ed  __c28xabi_divf                           
1     0000fa75  MemCfg_initSections                      
1     0000faf1  SysCtl_getDeviceParametric               
1     0000fb59  SysCtl_getClock                          
1     0000fbaa  SysCtl_selectOscSource                   
1     0000fc1d  main                                     
1     0000fc34  Interrupt_initModule                     
1     0000fc71  MemCfg_setLSRAMControllerSel             
1     0000fcaa  GPIO_setControllerCore                   
1     0000fce1  GPIO_setPinConfig                        
1     0000fd18  GPIO_setQualificationMode                
1     0000fd4f  Interrupt_enable                         
1     0000fd86  cla1Isr1                                 
1     0000fdbb  GPIO_setDirectionMode                    
1     0000fdec  __TI_decompress_lzss                     
1     0000fe1c  __TI_auto_init_nobinit_nopinit           
1     0000fe47  C$$EXIT                                  
1     0000fe47  abort                                    
1     0000fe49  exit                                     
1     0000fe98  CLA_setTriggerSource                     
1     0000febe  MemCfg_setGSRAMControllerSel             
1     0000ff03  Interrupt_initVectorTable                
1     0000ff21  memcpy                                   
1     0000ff58  SysCtl_getLowSpeedClock                  
1     0000ff89  _c_int00                                 
1     0000ffa0  Interrupt_defaultHandler                 
1     0000ffff  _system_post_cinit                       
1     00010037  __TI_zero_init_nomemset                  
1     00010044  _args_main                               
1     0001005b  Interrupt_illegalOperationHandler        
1     00010065  Interrupt_nmiHandler                     
1     00010078  _register_unlock                         
1     0001007c  _register_lock                           
1     00010080  _nop                                     
1     00010089  __TI_decompress_none                     
1     00010098  _system_pre_init                         
abs   00000100  CLA_SCRATCHPAD_SIZE                      
abs   000003f8  __TI_STACK_SIZE                          
abs   ffffffff  __TI_pprof_out_hndl                      
abs   ffffffff  __TI_prof_data_size                      
abs   ffffffff  __TI_prof_data_start                     
n/a   UNDEFED   __c_args__                               

[84 symbols]
